<html>
  <head>
    <title>Includes test</title>
  </head>
  <body>
    <div class="header">
      Template start header.html
      <header>
        <h1>Header</h1>
      </header>
      Template end
    </div>

    <div class="body">
      <p>Hello world</p>
    </div>

    <div class="footer">
      Template start footer.html
      <footer>
        <h1>Footer</h1>
      </footer>
      Template end
    </div>
  </body>
</html>
